// Jest Snapshot v1, https://goo.gl/fbAQLP

exports[`GlobalStyles tests should match snapshot 1`] = `
<head>
  <style
    data-styled="active"
    data-styled-version="5.1.1"
  >
    html{font-size:16px;height:100vh;height:-webkit-fill-available;height:-moz-available;}
    body{margin:0;padding:0;background-color:#F7F7FA;font-family:roboto;font-weight:400;height:100%;}
    *,*:before,*:after{box-sizing:border-box;}
    a,a:visited{-webkit-text-decoration:none;text-decoration:none;color:inherit;}
    h1,h2,h3,h4,h5,h6{margin-top:0;margin-bottom:0;font-family:inherit;}
    #app{height:100%;}
    html{font-size:16px;height:100vh;height:-webkit-fill-available;height:-moz-available;}
    body{margin:0;padding:0;background-color:#F7F7FA;font-family:roboto;font-weight:400;height:100%;}
    *,*:before,*:after{box-sizing:border-box;}
    a,a:visited{-webkit-text-decoration:none;text-decoration:none;color:inherit;}
    h1,h2,h3,h4,h5,h6{margin-top:0;margin-bottom:0;font-family:inherit;}
    #app{height:100%;}
  </style>
</head>
`;
